// Jest Snapshot v1, https://goo.gl/fbAQLP

exports[`Top level App rendering test match snapshot for App 1`] = `
Object {
  "asFragment": [Function],
  "baseElement": <body>
    <div>
      <nav
        id="navbar"
      >
        <div
          class="brand"
        >
          <div
            id="app-logo"
          />
          <h1
            class="app-name"
          >
            Mintok
          </h1>
        </div>
        <ul
          id="nav-links"
        >
          <li>
            <a
              aria-current="page"
              class="active"
              href="/"
              id="home"
            >
              Coins
            </a>
          </li>
        </ul>
      </nav>
      <div
        id="hero-sec"
      >
        <div
          id="hero-txt"
        >
          <h2>
            Your best Crypto's market tracker option
          </h2>
          <span>
            Check and discover more than +8000 coins with their repective statistics
          </span>
        </div>
        <div
          id="hero-img"
        >
          <img
            alt=""
            src="home-illustration.svg"
          />
        </div>
      </div>
      <div
        id="search"
      >
        <input
          placeholder="Search Coins"
          type="search"
          value=""
        />
        <i>
          <img
            alt=""
            src="search-icon.png"
          />
        </i>
      </div>
      <div
        class="coins-cont"
      >
        <h2
          id="section-title"
        >
          Coins
        </h2>
        <div
          id="collections"
        />
      </div>
      <footer
        id="footer"
      >
        <p>
          Karla Delgado © 2022 All rights reserved.
        </p>
      </footer>
    </div>
  </body>,
  "container": <div>
    <nav
      id="navbar"
    >
      <div
        class="brand"
      >
        <div
          id="app-logo"
        />
        <h1
          class="app-name"
        >
          Mintok
        </h1>
      </div>
      <ul
        id="nav-links"
      >
        <li>
          <a
            aria-current="page"
            class="active"
            href="/"
            id="home"
          >
            Coins
          </a>
        </li>
      </ul>
    </nav>
    <div
      id="hero-sec"
    >
      <div
        id="hero-txt"
      >
        <h2>
          Your best Crypto's market tracker option
        </h2>
        <span>
          Check and discover more than +8000 coins with their repective statistics
        </span>
      </div>
      <div
        id="hero-img"
      >
        <img
          alt=""
          src="home-illustration.svg"
        />
      </div>
    </div>
    <div
      id="search"
    >
      <input
        placeholder="Search Coins"
        type="search"
        value=""
      />
      <i>
        <img
          alt=""
          src="search-icon.png"
        />
      </i>
    </div>
    <div
      class="coins-cont"
    >
      <h2
        id="section-title"
      >
        Coins
      </h2>
      <div
        id="collections"
      />
    </div>
    <footer
      id="footer"
    >
      <p>
        Karla Delgado © 2022 All rights reserved.
      </p>
    </footer>
  </div>,
  "debug": [Function],
  "findAllByAltText": [Function],
  "findAllByDisplayValue": [Function],
  "findAllByLabelText": [Function],
  "findAllByPlaceholderText": [Function],
  "findAllByRole": [Function],
  "findAllByTestId": [Function],
  "findAllByText": [Function],
  "findAllByTitle": [Function],
  "findByAltText": [Function],
  "findByDisplayValue": [Function],
  "findByLabelText": [Function],
  "findByPlaceholderText": [Function],
  "findByRole": [Function],
  "findByTestId": [Function],
  "findByText": [Function],
  "findByTitle": [Function],
  "getAllByAltText": [Function],
  "getAllByDisplayValue": [Function],
  "getAllByLabelText": [Function],
  "getAllByPlaceholderText": [Function],
  "getAllByRole": [Function],
  "getAllByTestId": [Function],
  "getAllByText": [Function],
  "getAllByTitle": [Function],
  "getByAltText": [Function],
  "getByDisplayValue": [Function],
  "getByLabelText": [Function],
  "getByPlaceholderText": [Function],
  "getByRole": [Function],
  "getByTestId": [Function],
  "getByText": [Function],
  "getByTitle": [Function],
  "queryAllByAltText": [Function],
  "queryAllByDisplayValue": [Function],
  "queryAllByLabelText": [Function],
  "queryAllByPlaceholderText": [Function],
  "queryAllByRole": [Function],
  "queryAllByTestId": [Function],
  "queryAllByText": [Function],
  "queryAllByTitle": [Function],
  "queryByAltText": [Function],
  "queryByDisplayValue": [Function],
  "queryByLabelText": [Function],
  "queryByPlaceholderText": [Function],
  "queryByRole": [Function],
  "queryByTestId": [Function],
  "queryByText": [Function],
  "queryByTitle": [Function],
  "rerender": [Function],
  "unmount": [Function],
}
`;
