// Jest Snapshot v1, https://goo.gl/fbAQLP

exports[`Coins test snapshot for coins 1`] = `
Object {
  "asFragment": [Function],
  "baseElement": <body>
    <div>
      <div
        class="coins-info"
      >
        <div
          class="coin-bg"
        />
        <div
          class="coin-text"
        >
          <div
            class="coin-name"
          >
            <h2>
              Bitcoin
            </h2>
            <span>
              (
              BTC
              )
            </span>
          </div>
          <div
            class="coin-m-stats"
          >
            <span
              class="price"
            >
              $
               
              USD
            </span>
            <span
              class="stats-t"
            >
              1
              <i>
                <img
                  alt=""
                  src="stats2.png"
                />
              </i>
            </span>
          </div>
        </div>
        <div
          class="stats-container"
        >
          <div
            class="stats-title"
          >
            Current Stats
          </div>
          <div
            class="stats-data"
          >
            <div
              class="stat-item"
            >
              <span>
                % Change (24h)
              </span>
              1.44
            </div>
            <div
              class="stat-item"
            >
              <span>
                % Change (1h)
              </span>
              -0.36
            </div>
            <div
              class="stat-item"
            >
              <span>
                % Change (7d)
              </span>
              -5.64
            </div>
            <div
              class="stat-item"
            >
              <span>
                BTC
              </span>
              1.00
            </div>
            <div
              class="stat-item"
            >
              <span>
                Market Cap $
              </span>
              385002452610.93
            </div>
            <div
              class="stat-item"
            >
              <span>
                Volume (24h)
              </span>
              27391301861.27469
            </div>
            <div
              class="stat-item"
            >
              <span>
                Volume (24h A)
              </span>
              28376681317.71335
            </div>
            <div
              class="stat-item"
            >
              <span>
                Coin Supply
              </span>
              19114346.00
            </div>
          </div>
        </div>
      </div>
    </div>
  </body>,
  "container": <div>
    <div
      class="coins-info"
    >
      <div
        class="coin-bg"
      />
      <div
        class="coin-text"
      >
        <div
          class="coin-name"
        >
          <h2>
            Bitcoin
          </h2>
          <span>
            (
            BTC
            )
          </span>
        </div>
        <div
          class="coin-m-stats"
        >
          <span
            class="price"
          >
            $
             
            USD
          </span>
          <span
            class="stats-t"
          >
            1
            <i>
              <img
                alt=""
                src="stats2.png"
              />
            </i>
          </span>
        </div>
      </div>
      <div
        class="stats-container"
      >
        <div
          class="stats-title"
        >
          Current Stats
        </div>
        <div
          class="stats-data"
        >
          <div
            class="stat-item"
          >
            <span>
              % Change (24h)
            </span>
            1.44
          </div>
          <div
            class="stat-item"
          >
            <span>
              % Change (1h)
            </span>
            -0.36
          </div>
          <div
            class="stat-item"
          >
            <span>
              % Change (7d)
            </span>
            -5.64
          </div>
          <div
            class="stat-item"
          >
            <span>
              BTC
            </span>
            1.00
          </div>
          <div
            class="stat-item"
          >
            <span>
              Market Cap $
            </span>
            385002452610.93
          </div>
          <div
            class="stat-item"
          >
            <span>
              Volume (24h)
            </span>
            27391301861.27469
          </div>
          <div
            class="stat-item"
          >
            <span>
              Volume (24h A)
            </span>
            28376681317.71335
          </div>
          <div
            class="stat-item"
          >
            <span>
              Coin Supply
            </span>
            19114346.00
          </div>
        </div>
      </div>
    </div>
  </div>,
  "debug": [Function],
  "findAllByAltText": [Function],
  "findAllByDisplayValue": [Function],
  "findAllByLabelText": [Function],
  "findAllByPlaceholderText": [Function],
  "findAllByRole": [Function],
  "findAllByTestId": [Function],
  "findAllByText": [Function],
  "findAllByTitle": [Function],
  "findByAltText": [Function],
  "findByDisplayValue": [Function],
  "findByLabelText": [Function],
  "findByPlaceholderText": [Function],
  "findByRole": [Function],
  "findByTestId": [Function],
  "findByText": [Function],
  "findByTitle": [Function],
  "getAllByAltText": [Function],
  "getAllByDisplayValue": [Function],
  "getAllByLabelText": [Function],
  "getAllByPlaceholderText": [Function],
  "getAllByRole": [Function],
  "getAllByTestId": [Function],
  "getAllByText": [Function],
  "getAllByTitle": [Function],
  "getByAltText": [Function],
  "getByDisplayValue": [Function],
  "getByLabelText": [Function],
  "getByPlaceholderText": [Function],
  "getByRole": [Function],
  "getByTestId": [Function],
  "getByText": [Function],
  "getByTitle": [Function],
  "queryAllByAltText": [Function],
  "queryAllByDisplayValue": [Function],
  "queryAllByLabelText": [Function],
  "queryAllByPlaceholderText": [Function],
  "queryAllByRole": [Function],
  "queryAllByTestId": [Function],
  "queryAllByText": [Function],
  "queryAllByTitle": [Function],
  "queryByAltText": [Function],
  "queryByDisplayValue": [Function],
  "queryByLabelText": [Function],
  "queryByPlaceholderText": [Function],
  "queryByRole": [Function],
  "queryByTestId": [Function],
  "queryByText": [Function],
  "queryByTitle": [Function],
  "rerender": [Function],
  "unmount": [Function],
}
`;
